2026-03-22 04:56:36,275 [INFO] Pinging google.com ...
2026-03-22 04:56:39,349 [INFO] Resolving DNS for google.com ...
2026-03-22 04:56:39,398 [INFO] Report saved to diagnostic_report.txt
2026-03-22 04:56:53,265 [INFO] Pinging google.com ...
2026-03-22 04:56:56,306 [INFO] Resolving DNS for google.com ...
2026-03-22 04:56:56,340 [INFO] Scanning 22 ports on google.com ...
2026-03-22 04:56:57,860 [INFO] Found 2 open ports on google.com
2026-03-22 04:56:57,861 [INFO] Tracing route to google.com ...
2026-03-22 04:57:57,877 [INFO] Testing NFS connectivity to google.com ...
2026-03-22 04:58:00,916 [INFO] Testing SMB/CIFS connectivity to google.com ...
2026-03-22 04:58:03,930 [INFO] Report saved to diagnostic_report.txt
2026-03-22 04:59:45,268 [INFO] Pinging google.com ...
2026-03-22 04:59:48,318 [INFO] Resolving DNS for google.com ...
2026-03-22 04:59:48,363 [INFO] Scanning 22 ports on google.com ...
2026-03-22 04:59:49,886 [INFO] Found 2 open ports on google.com
2026-03-22 04:59:49,887 [INFO] Tracing route to google.com ...
2026-03-22 05:00:49,897 [INFO] Testing NFS connectivity to google.com ...
2026-03-22 05:00:52,908 [INFO] Testing SMB/CIFS connectivity to google.com ...
2026-03-22 05:00:55,917 [INFO] Pinging github.com ...
2026-03-22 05:00:59,013 [INFO] Resolving DNS for github.com ...
2026-03-22 05:00:59,042 [INFO] Scanning 22 ports on github.com ...
2026-03-22 05:01:00,563 [INFO] Found 3 open ports on github.com
2026-03-22 05:01:00,564 [INFO] Tracing route to github.com ...
2026-03-22 05:02:00,575 [INFO] Testing NFS connectivity to github.com ...
2026-03-22 05:02:03,586 [INFO] Testing SMB/CIFS connectivity to github.com ...
2026-03-22 05:02:06,605 [INFO] Report saved to diagnostic_report.txt
